.venv/lib/python3.13/site-packages/jax/_src/abstract_arrays.py:111: RuntimeWarning: overflow encountered in cast
  return literals.LiteralArray(np.asarray(x, dtype), weak_type=False)
iteration    0  reward/step -2.57884  loss +255.605  episode 20.0  sigma 0.3000
iteration    1  reward/step -2.79114  loss +222.379  episode 20.0  sigma 0.3001
iteration    2  reward/step -2.91213  loss +171.816  episode 20.0  sigma 0.3001
iteration    3  reward/step -3.07515  loss +165.522  episode 17.5  sigma 0.3001
iteration    4  reward/step -3.07822  loss +194.621  episode 15.4  sigma 0.3000
iteration    5  reward/step -2.93577  loss +227.216  episode 13.9  sigma 0.2999
iteration    6  reward/step -2.78874  loss +207.725  episode 18.3  sigma 0.2998
iteration    7  reward/step -2.904  loss +184.328  episode 18.8  sigma 0.2997
iteration    8  reward/step -3.02705  loss +182.104  episode 17.1  sigma 0.2997
iteration    9  reward/step -2.9999  loss +194.603  episode 15.1  sigma 0.2998
iteration   10  reward/step -2.79685  loss +193.637  episode 16.2  sigma 0.2997
iteration   11  reward/step -2.75039  loss +188.003  episode 16.8  sigma 0.2997
iteration   12  reward/step -2.85041  loss +168.815  episode 18.3  sigma 0.2997
iteration   13  reward/step -2.88325  loss +167.745  episode 15.4  sigma 0.2996
iteration   14  reward/step -2.81486  loss +187.689  episode 16.4  sigma 0.2995
iteration   15  reward/step -2.76681  loss +180.686  episode 16.2  sigma 0.2994
iteration   16  reward/step -2.72001  loss +171.084  episode 16.6  sigma 0.2993
iteration   17  reward/step -2.69997  loss +155.752  episode 18.0  sigma 0.2992
iteration   18  reward/step -2.74901  loss +157.438  episode 15.4  sigma 0.2991
iteration   19  reward/step -2.70226  loss +164.881  episode 16.8  sigma 0.2991
iteration   20  reward/step -2.61627  loss +162.113  episode 16.6  sigma 0.2990
iteration   21  reward/step -2.63494  loss +162.624  episode 16.0  sigma 0.2989
iteration   22  reward/step -2.6348  loss +151.273  episode 18.0  sigma 0.2989
iteration   23  reward/step -2.61406  loss +139.837  episode 16.8  sigma 0.2989
iteration   24  reward/step -2.61528  loss +149.57  episode 15.8  sigma 0.2989
iteration   25  reward/step -2.52603  loss +140.305  episode 16.6  sigma 0.2989
iteration   26  reward/step -2.49708  loss +141.083  episode 16.6  sigma 0.2987
iteration   27  reward/step -2.45487  loss +134.555  episode 17.1  sigma 0.2986
iteration   28  reward/step -2.40309  loss +129.654  episode 16.8  sigma 0.2985
iteration   29  reward/step -2.3807  loss +125.523  episode 17.1  sigma 0.2984
iteration   30  reward/step -2.28833  loss +123.664  episode 18.0  sigma 0.2984
iteration   31  reward/step -2.20967  loss +115.627  episode 18.0  sigma 0.2983
iteration   32  reward/step -2.10369  loss +104.614  episode 19.1  sigma 0.2983
iteration   33  reward/step -1.9529  loss +92.4388  episode 19.7  sigma 0.2982
iteration   34  reward/step -1.76675  loss +76.1049  episode 23.7  sigma 0.2981
iteration   35  reward/step -1.70744  loss +73.5929  episode 22.9  sigma 0.2980
iteration   36  reward/step -1.54736  loss +67.7559  episode 26.1  sigma 0.2980
iteration   37  reward/step -1.4616  loss +60.7618  episode 28.4  sigma 0.2979
iteration   38  reward/step -1.43896  loss +65.4809  episode 32.0  sigma 0.2978
iteration   39  reward/step -1.0188  loss +32.2193  episode 55.7  sigma 0.2977
iteration   40  reward/step -0.964929  loss +26.9366  episode 47.4  sigma 0.2975
iteration   41  reward/step -1.06708  loss +31.8415  episode 71.1  sigma 0.2974
iteration   42  reward/step -1.16274  loss +41.196  episode 42.7  sigma 0.2973
iteration   43  reward/step -1.18229  loss +54.9668  episode 80.0  sigma 0.2973
iteration   44  reward/step -1.06378  loss +31.8614  episode 64.0  sigma 0.2972
iteration   45  reward/step -1.19619  loss +46.6413  episode 53.3  sigma 0.2972
iteration   46  reward/step -1.04899  loss +36.3558  episode 85.3  sigma 0.2971
iteration   47  reward/step -1.17795  loss +41.5746  episode 53.3  sigma 0.2971
iteration   48  reward/step -1.25287  loss +46.1131  episode 42.7  sigma 0.2970
iteration   49  reward/step -1.26433  loss +57.6178  episode 53.3  sigma 0.2970
iteration   50  reward/step -1.13599  loss +47.9704  episode 75.3  sigma 0.2969
iteration   51  reward/step -1.21713  loss +51.3594  episode 61.0  sigma 0.2968
iteration   52  reward/step -1.17783  loss +45.4623  episode 67.4  sigma 0.2968
iteration   53  reward/step -1.23213  loss +54.4676  episode 80.0  sigma 0.2968
iteration   54  reward/step -1.07171  loss +39.7311  episode 67.4  sigma 0.2967
iteration   55  reward/step -1.15236  loss +46.8356  episode 67.4  sigma 0.2967
iteration   56  reward/step -1.12275  loss +44.1305  episode 98.5  sigma 0.2967
iteration   57  reward/step -1.28868  loss +56.4882  episode 58.2  sigma 0.2966
iteration   58  reward/step -1.24218  loss +47.3395  episode 49.2  sigma 0.2965
iteration   59  reward/step -1.34058  loss +52.3953  episode 38.8  sigma 0.2965
iteration   60  reward/step -1.19886  loss +43.397  episode 37.6  sigma 0.2964
iteration   61  reward/step -1.10912  loss +37.3567  episode 47.4  sigma 0.2963
iteration   62  reward/step -1.1519  loss +42.8337  episode 41.3  sigma 0.2961
iteration   63  reward/step -1.01651  loss +41.8169  episode 53.3  sigma 0.2960
iteration   64  reward/step -1.00371  loss +30.429  episode 61.0  sigma 0.2959
iteration   65  reward/step -1.12199  loss +39.9621  episode 58.2  sigma 0.2958
iteration   66  reward/step -1.15074  loss +43.4349  episode 80.0  sigma 0.2957
iteration   67  reward/step -1.16697  loss +41.7668  episode 53.3  sigma 0.2956
iteration   68  reward/step -1.24145  loss +50.983  episode 44.1  sigma 0.2956
iteration   69  reward/step -0.993688  loss +28.9475  episode 58.2  sigma 0.2955
iteration   70  reward/step -0.952596  loss +22.2667  episode 64.0  sigma 0.2954
iteration   71  reward/step -1.01884  loss +26.0935  episode 75.3  sigma 0.2953
iteration   72  reward/step -1.2008  loss +43.7813  episode 58.2  sigma 0.2953
iteration   73  reward/step -1.16951  loss +43.3062  episode 55.7  sigma 0.2952
iteration   74  reward/step -1.06623  loss +34.6458  episode 55.7  sigma 0.2952
iteration   75  reward/step -0.980165  loss +30.292  episode 64.0  sigma 0.2952
iteration   76  reward/step -1.20006  loss +43.0696  episode 51.2  sigma 0.2952
iteration   77  reward/step -0.978849  loss +27.0898  episode 71.1  sigma 0.2951
iteration   78  reward/step -1.31761  loss +52.1552  episode 44.1  sigma 0.2951
iteration   79  reward/step -1.11595  loss +40.2591  episode 41.3  sigma 0.2951
iteration   80  reward/step -1.10417  loss +34.2637  episode 47.4  sigma 0.2951
iteration   81  reward/step -1.25086  loss +50.9433  episode 53.3  sigma 0.2951
iteration   82  reward/step -1.36158  loss +53.4755  episode 37.6  sigma 0.2951
iteration   83  reward/step -1.12563  loss +32.0193  episode 44.1  sigma 0.2951
iteration   84  reward/step -1.05158  loss +26.8637  episode 49.2  sigma 0.2950
iteration   85  reward/step -1.1841  loss +43.4939  episode 61.0  sigma 0.2950
iteration   86  reward/step -1.12717  loss +31.5203  episode 58.2  sigma 0.2949
iteration   87  reward/step -1.26327  loss +44.34  episode 75.3  sigma 0.2949
iteration   88  reward/step -1.41894  loss +63.0827  episode 45.7  sigma 0.2949
iteration   89  reward/step -1.40009  loss +62.4434  episode 45.7  sigma 0.2949
iteration   90  reward/step -1.16575  loss +42.9555  episode 53.3  sigma 0.2949
iteration   91  reward/step -1.31103  loss +45.0007  episode 40.0  sigma 0.2949
iteration   92  reward/step -1.19568  loss +38.6462  episode 61.0  sigma 0.2949
iteration   93  reward/step -1.23969  loss +39.3789  episode 51.2  sigma 0.2948
iteration   94  reward/step -1.31742  loss +51.2091  episode 53.3  sigma 0.2947
iteration   95  reward/step -1.23468  loss +34.8231  episode 49.2  sigma 0.2946
iteration   96  reward/step -1.37096  loss +49.353  episode 53.3  sigma 0.2945
iteration   97  reward/step -1.46024  loss +55.3506  episode 44.1  sigma 0.2944
iteration   98  reward/step -1.37638  loss +43.6966  episode 51.2  sigma 0.2944
iteration   99  reward/step -1.40992  loss +39.8824  episode 34.6  sigma 0.2943
checkpoint balance.000100.cxpolicy  (798cdc645d0a)
checkpoint balance.best.cxpolicy  (910e68b791b6)
iteration  100  reward/step -1.28657  loss +43.6949  episode 51.2  sigma 0.2942
iteration  101  reward/step -1.34072  loss +40.7103  episode 35.6  sigma 0.2942
iteration  102  reward/step -1.22579  loss +29.4707  episode 38.8  sigma 0.2941
iteration  103  reward/step -1.33726  loss +41.4129  episode 51.2  sigma 0.2941
iteration  104  reward/step -1.32249  loss +40.8278  episode 40.0  sigma 0.2941
iteration  105  reward/step -1.20513  loss +26.3909  episode 45.7  sigma 0.2940
iteration  106  reward/step -1.16769  loss +25.8717  episode 44.1  sigma 0.2940
iteration  107  reward/step -1.20986  loss +32.5265  episode 53.3  sigma 0.2939
iteration  108  reward/step -1.30785  loss +31.9594  episode 49.2  sigma 0.2938
iteration  109  reward/step -1.34147  loss +45.3986  episode 98.5  sigma 0.2938
iteration  110  reward/step -1.25665  loss +38.0991  episode 71.1  sigma 0.2938
iteration  111  reward/step -1.49049  loss +52.6977  episode 55.7  sigma 0.2938
iteration  112  reward/step -1.28856  loss +39.6635  episode 64.0  sigma 0.2938
iteration  113  reward/step -1.47248  loss +45.8662  episode 58.2  sigma 0.2937
iteration  114  reward/step -1.44608  loss +52.1777  episode 55.7  sigma 0.2937
iteration  115  reward/step -1.30611  loss +35.8878  episode 44.1  sigma 0.2936
iteration  116  reward/step -1.37409  loss +45.5355  episode 47.4  sigma 0.2936
iteration  117  reward/step -1.22485  loss +25.7751  episode 67.4  sigma 0.2935
iteration  118  reward/step -1.1635  loss +29.4025  episode 67.4  sigma 0.2935
iteration  119  reward/step -1.24117  loss +27.0131  episode 64.0  sigma 0.2935
iteration  120  reward/step -1.19523  loss +29.8612  episode 61.0  sigma 0.2936
iteration  121  reward/step -1.40364  loss +39.2047  episode 53.3  sigma 0.2936
iteration  122  reward/step -1.19352  loss +25.6182  episode 61.0  sigma 0.2937
iteration  123  reward/step -1.31638  loss +34.9774  episode 45.7  sigma 0.2937
iteration  124  reward/step -1.24958  loss +24.1585  episode 42.7  sigma 0.2938
iteration  125  reward/step -1.24466  loss +24.1099  episode 51.2  sigma 0.2938
iteration  126  reward/step -1.33681  loss +33.0103  episode 30.5  sigma 0.2939
iteration  127  reward/step -1.11206  loss +17.4441  episode 44.1  sigma 0.2940
iteration  128  reward/step -1.17341  loss +22.088  episode 37.6  sigma 0.2941
iteration  129  reward/step -1.12678  loss +19.7926  episode 58.2  sigma 0.2941
iteration  130  reward/step -1.16272  loss +22.064  episode 91.4  sigma 0.2941
iteration  131  reward/step -1.29669  loss +34.8609  episode 80.0  sigma 0.2941
iteration  132  reward/step -1.3029  loss +33.4673  episode 98.5  sigma 0.2941
iteration  133  reward/step -1.3887  loss +39.6748  episode 67.4  sigma 0.2941
iteration  134  reward/step -1.32769  loss +33.8922  episode 42.7  sigma 0.2940
iteration  135  reward/step -1.18648  loss +23.3724  episode 58.2  sigma 0.2940
iteration  136  reward/step -1.24277  loss +24.6007  episode 49.2  sigma 0.2939
iteration  137  reward/step -1.19995  loss +27.1298  episode 55.7  sigma 0.2939
iteration  138  reward/step -1.17941  loss +17.3048  episode 36.6  sigma 0.2938
iteration  139  reward/step -1.08556  loss +15.5718  episode 38.8  sigma 0.2938
iteration  140  reward/step -1.08827  loss +16.3832  episode 41.3  sigma 0.2938
iteration  141  reward/step -1.13693  loss +13.4807  episode 40.0  sigma 0.2938
iteration  142  reward/step -1.05966  loss +10.9109  episode 38.8  sigma 0.2937
iteration  143  reward/step -0.935231  loss +9.91168  episode 49.2  sigma 0.2936
iteration  144  reward/step -1.05106  loss +16.3678  episode 61.0  sigma 0.2936
iteration  145  reward/step -1.05134  loss +16.931  episode 58.2  sigma 0.2936
iteration  146  reward/step -1.07658  loss +17.9427  episode 44.1  sigma 0.2935
iteration  147  reward/step -1.13459  loss +16.8409  episode 29.1  sigma 0.2935
iteration  148  reward/step -0.957855  loss +10.3258  episode 42.7  sigma 0.2934
iteration  149  reward/step -0.925082  loss +9.97093  episode 53.3  sigma 0.2934
iteration  150  reward/step -0.970975  loss +16.5336  episode 75.3  sigma 0.2933
iteration  151  reward/step -1.00045  loss +13.223  episode 80.0  sigma 0.2932
iteration  152  reward/step -1.15456  loss +31.9805  episode 106.7  sigma 0.2930
iteration  153  reward/step -1.1245  loss +19.0902  episode 58.2  sigma 0.2929
iteration  154  reward/step -1.06933  loss +25.3251  episode 75.3  sigma 0.2928
iteration  155  reward/step -1.12094  loss +18.4478  episode 55.7  sigma 0.2928
iteration  156  reward/step -1.12397  loss +16.2877  episode 49.2  sigma 0.2927
iteration  157  reward/step -1.11838  loss +19.082  episode 58.2  sigma 0.2927
iteration  158  reward/step -1.10333  loss +14.8285  episode 80.0  sigma 0.2926
iteration  159  reward/step -1.04348  loss +14.2249  episode 116.4  sigma 0.2926
iteration  160  reward/step -1.11464  loss +21.5267  episode 58.2  sigma 0.2925
iteration  161  reward/step -0.961016  loss +14.23  episode 116.4  sigma 0.2923
iteration  162  reward/step -1.29614  loss +31.7943  episode 42.7  sigma 0.2922
iteration  163  reward/step -0.94621  loss +11.5564  episode 53.3  sigma 0.2921
iteration  164  reward/step -1.00538  loss +16.9546  episode 55.7  sigma 0.2920
iteration  165  reward/step -1.05789  loss +16.3543  episode 37.6  sigma 0.2919
iteration  166  reward/step -1.02791  loss +12.246  episode 35.6  sigma 0.2918
iteration  167  reward/step -1.12487  loss +19.4881  episode 32.8  sigma 0.2917
iteration  168  reward/step -1.02048  loss +11.8398  episode 32.8  sigma 0.2916
iteration  169  reward/step -0.911726  loss +10.8641  episode 42.7  sigma 0.2915
iteration  170  reward/step -0.948516  loss +8.99749  episode 44.1  sigma 0.2915
iteration  171  reward/step -1.02153  loss +11.1746  episode 34.6  sigma 0.2914
iteration  172  reward/step -0.868005  loss +4.93234  episode 53.3  sigma 0.2914
iteration  173  reward/step -0.958878  loss +12.4918  episode 55.7  sigma 0.2914
iteration  174  reward/step -0.908018  loss +6.90055  episode 64.0  sigma 0.2914
iteration  175  reward/step -0.969164  loss +13.1467  episode 53.3  sigma 0.2913
iteration  176  reward/step -0.91602  loss +9.59921  episode 49.2  sigma 0.2913
iteration  177  reward/step -0.864183  loss +4.49739  episode 53.3  sigma 0.2912
iteration  178  reward/step -1.00347  loss +15.4917  episode 47.4  sigma 0.2912
iteration  179  reward/step -0.971254  loss +16.4198  episode 128.0  sigma 0.2911
iteration  180  reward/step -1.09153  loss +17.473  episode 51.2  sigma 0.2910
iteration  181  reward/step -0.972282  loss +19.4172  episode 75.3  sigma 0.2909
iteration  182  reward/step -1.04811  loss +18.8861  episode 42.7  sigma 0.2909
iteration  183  reward/step -0.928578  loss +15.8815  episode 47.4  sigma 0.2909
iteration  184  reward/step -0.902078  loss +8.34498  episode 49.2  sigma 0.2909
iteration  185  reward/step -0.917074  loss +12.2824  episode 51.2  sigma 0.2909
iteration  186  reward/step -0.994436  loss +16.8285  episode 35.6  sigma 0.2909
iteration  187  reward/step -0.961438  loss +7.38501  episode 32.0  sigma 0.2908
iteration  188  reward/step -0.798077  loss +8.57501  episode 47.4  sigma 0.2907
iteration  189  reward/step -0.97281  loss +6.36194  episode 38.8  sigma 0.2906
iteration  190  reward/step -0.967724  loss +12.6407  episode 47.4  sigma 0.2906
iteration  191  reward/step -0.774292  loss +4.9639  episode 64.0  sigma 0.2905
iteration  192  reward/step -0.859576  loss +11.5138  episode 42.7  sigma 0.2904
iteration  193  reward/step -0.976991  loss +17.2113  episode 42.7  sigma 0.2903
iteration  194  reward/step -0.866512  loss +4.57212  episode 36.6  sigma 0.2903
iteration  195  reward/step -0.866913  loss +3.71182  episode 38.8  sigma 0.2902
iteration  196  reward/step -0.828419  loss +4.19254  episode 53.3  sigma 0.2901
iteration  197  reward/step -0.763138  loss +3.14078  episode 51.2  sigma 0.2900
iteration  198  reward/step -0.784342  loss +5.88694  episode 61.0  sigma 0.2900
iteration  199  reward/step -0.835649  loss +7.12907  episode 71.1  sigma 0.2900
checkpoint balance.000200.cxpolicy  (bc5f4d631885)
checkpoint balance.best.cxpolicy  (6af451dec590)
iteration  200  reward/step -0.734667  loss +9.71677  episode 91.4  sigma 0.2899
iteration  201  reward/step -0.798087  loss +11.2994  episode 64.0  sigma 0.2898
iteration  202  reward/step -0.827642  loss +17.3567  episode 98.5  sigma 0.2897
iteration  203  reward/step -0.967645  loss +18.6398  episode 55.7  sigma 0.2896
iteration  204  reward/step -0.858637  loss +12.9929  episode 64.0  sigma 0.2895
iteration  205  reward/step -0.777391  loss +5.80583  episode 58.2  sigma 0.2895
iteration  206  reward/step -0.679304  loss +4.10671  episode 71.1  sigma 0.2894
iteration  207  reward/step -0.895405  loss +14.9983  episode 64.0  sigma 0.2894
iteration  208  reward/step -0.851065  loss +11.9794  episode 71.1  sigma 0.2893
iteration  209  reward/step -0.933991  loss +14.2817  episode 38.8  sigma 0.2892
iteration  210  reward/step -0.868524  loss +8.21447  episode 37.6  sigma 0.2890
iteration  211  reward/step -0.780147  loss +5.17503  episode 34.6  sigma 0.2889
iteration  212  reward/step -0.736258  loss +4.23301  episode 42.7  sigma 0.2888
iteration  213  reward/step -0.747422  loss +2.75546  episode 38.8  sigma 0.2886
iteration  214  reward/step -0.655927  loss +2.70076  episode 47.4  sigma 0.2884
iteration  215  reward/step -0.821951  loss +7.5876  episode 40.0  sigma 0.2882
iteration  216  reward/step -0.658852  loss +2.27853  episode 47.4  sigma 0.2880
iteration  217  reward/step -0.822921  loss +8.45107  episode 36.6  sigma 0.2878
iteration  218  reward/step -0.606901  loss +3.84571  episode 106.7  sigma 0.2877
iteration  219  reward/step -0.640819  loss +15.199  episode 98.5  sigma 0.2876
iteration  220  reward/step -0.70207  loss +4.80123  episode 53.3  sigma 0.2876
iteration  221  reward/step -0.897961  loss +14.5746  episode 45.7  sigma 0.2876
iteration  222  reward/step -0.725411  loss +17.6952  episode 61.0  sigma 0.2876
iteration  223  reward/step -0.707379  loss +9.02225  episode 61.0  sigma 0.2876
iteration  224  reward/step -0.594292  loss +10.006  episode 160.0  sigma 0.2876
iteration  225  reward/step -0.751677  loss +17.2452  episode 128.0  sigma 0.2876
