.venv/lib/python3.13/site-packages/jax/_src/abstract_arrays.py:111: RuntimeWarning: overflow encountered in cast
  return literals.LiteralArray(np.asarray(x, dtype), weak_type=False)
iteration    0  reward/step -0.430457  loss +9.98423  episode 320.0  sigma 0.3000
iteration    1  reward/step -1.68254  loss +52.9401  episode 13.3  sigma 0.2999
iteration    2  reward/step -0.785368  loss +20.9816  episode 33.7  sigma 0.2999
iteration    3  reward/step -0.901599  loss +31.0371  episode 41.3  sigma 0.2998
iteration    4  reward/step -0.822587  loss +25.0419  episode 34.6  sigma 0.2996
iteration    5  reward/step -0.817385  loss +29.1837  episode 49.2  sigma 0.2995
iteration    6  reward/step -0.940594  loss +35.3704  episode 35.6  sigma 0.2994
iteration    7  reward/step -0.946047  loss +33.4402  episode 35.6  sigma 0.2993
iteration    8  reward/step -0.885029  loss +29.362  episode 53.3  sigma 0.2992
iteration    9  reward/step -1.02691  loss +37.947  episode 40.0  sigma 0.2991
iteration   10  reward/step -0.986461  loss +33.9295  episode 34.6  sigma 0.2990
iteration   11  reward/step -1.06757  loss +36.0708  episode 27.8  sigma 0.2989
iteration   12  reward/step -1.07681  loss +44.8456  episode 36.6  sigma 0.2988
iteration   13  reward/step -1.03807  loss +41.0413  episode 42.7  sigma 0.2988
iteration   14  reward/step -1.01379  loss +46.6868  episode 47.4  sigma 0.2988
iteration   15  reward/step -1.02692  loss +40.0357  episode 45.7  sigma 0.2987
iteration   16  reward/step -1.04793  loss +39.4059  episode 45.7  sigma 0.2987
iteration   17  reward/step -1.20864  loss +53.0891  episode 34.6  sigma 0.2986
iteration   18  reward/step -1.1275  loss +40.2855  episode 28.4  sigma 0.2986
iteration   19  reward/step -1.02452  loss +38.1257  episode 40.0  sigma 0.2986
iteration   20  reward/step -1.17954  loss +50.9151  episode 32.0  sigma 0.2985
iteration   21  reward/step -1.09193  loss +54.5747  episode 34.6  sigma 0.2985
iteration   22  reward/step -0.937415  loss +33.9384  episode 41.3  sigma 0.2984
iteration   23  reward/step -1.16422  loss +58.3373  episode 49.2  sigma 0.2983
iteration   24  reward/step -1.16063  loss +49.4389  episode 53.3  sigma 0.2982
iteration   25  reward/step -1.1723  loss +50.6167  episode 44.1  sigma 0.2982
iteration   26  reward/step -1.31632  loss +64.3351  episode 38.8  sigma 0.2981
iteration   27  reward/step -1.0169  loss +32.7067  episode 41.3  sigma 0.2981
iteration   28  reward/step -1.20161  loss +60.6052  episode 37.6  sigma 0.2980
iteration   29  reward/step -1.09482  loss +41.8727  episode 45.7  sigma 0.2979
iteration   30  reward/step -1.21344  loss +45.7165  episode 44.1  sigma 0.2978
iteration   31  reward/step -1.24688  loss +62.3428  episode 71.1  sigma 0.2977
iteration   32  reward/step -1.26751  loss +50.1131  episode 41.3  sigma 0.2976
iteration   33  reward/step -1.21646  loss +52.9194  episode 32.0  sigma 0.2975
iteration   34  reward/step -1.12254  loss +45.6964  episode 36.6  sigma 0.2973
iteration   35  reward/step -1.20974  loss +59.8071  episode 40.0  sigma 0.2972
iteration   36  reward/step -1.01219  loss +31.9778  episode 40.0  sigma 0.2972
iteration   37  reward/step -1.04676  loss +39.5456  episode 33.7  sigma 0.2970
iteration   38  reward/step -0.952457  loss +33.9348  episode 34.6  sigma 0.2969
iteration   39  reward/step -1.01614  loss +33.5905  episode 30.5  sigma 0.2969
iteration   40  reward/step -0.931538  loss +29.0363  episode 32.0  sigma 0.2969
iteration   41  reward/step -0.92586  loss +29.2698  episode 36.6  sigma 0.2969
iteration   42  reward/step -1.07622  loss +34.5379  episode 30.5  sigma 0.2968
iteration   43  reward/step -0.885615  loss +22.9868  episode 33.7  sigma 0.2968
iteration   44  reward/step -0.910151  loss +27.1072  episode 38.8  sigma 0.2968
iteration   45  reward/step -0.882557  loss +33.2278  episode 55.7  sigma 0.2968
iteration   46  reward/step -0.833597  loss +19.6913  episode 53.3  sigma 0.2967
iteration   47  reward/step -1.00506  loss +37.9963  episode 41.3  sigma 0.2967
iteration   48  reward/step -1.01114  loss +37.9468  episode 47.4  sigma 0.2966
iteration   49  reward/step -1.02004  loss +35.2661  episode 64.0  sigma 0.2965
checkpoint balance2.000050.cxpolicy  (39167d290aab)
checkpoint balance2.best.cxpolicy  (e3af0f9a410d)
iteration   50  reward/step -1.11144  loss +41.4215  episode 40.0  sigma 0.2964
iteration   51  reward/step -1.07911  loss +39.8  episode 31.2  sigma 0.2963
iteration   52  reward/step -0.975861  loss +32.0634  episode 33.7  sigma 0.2963
iteration   53  reward/step -0.992662  loss +28.8948  episode 32.8  sigma 0.2962
iteration   54  reward/step -0.890238  loss +27.9806  episode 36.6  sigma 0.2962
iteration   55  reward/step -0.887572  loss +21.3873  episode 42.7  sigma 0.2961
iteration   56  reward/step -0.844781  loss +28.5701  episode 42.7  sigma 0.2961
iteration   57  reward/step -0.848419  loss +19.1166  episode 53.3  sigma 0.2960
iteration   58  reward/step -1.17494  loss +61.5795  episode 38.8  sigma 0.2959
iteration   59  reward/step -0.95212  loss +26.9186  episode 51.2  sigma 0.2958
iteration   60  reward/step -1.03266  loss +38.7925  episode 32.0  sigma 0.2958
iteration   61  reward/step -0.951057  loss +29.405  episode 44.1  sigma 0.2958
iteration   62  reward/step -1.02396  loss +43.4678  episode 61.0  sigma 0.2957
iteration   63  reward/step -1.03347  loss +42.0601  episode 58.2  sigma 0.2956
iteration   64  reward/step -0.992922  loss +28.1326  episode 58.2  sigma 0.2956
iteration   65  reward/step -1.14119  loss +41.1038  episode 55.7  sigma 0.2955
iteration   66  reward/step -0.983165  loss +29.8787  episode 45.7  sigma 0.2955
iteration   67  reward/step -1.01674  loss +34.1293  episode 58.2  sigma 0.2955
iteration   68  reward/step -1.19651  loss +40.9437  episode 31.2  sigma 0.2955
iteration   69  reward/step -0.895874  loss +22.2528  episode 28.4  sigma 0.2956
iteration   70  reward/step -0.928699  loss +23.7524  episode 31.2  sigma 0.2956
iteration   71  reward/step -0.857996  loss +19.7898  episode 34.6  sigma 0.2955
iteration   72  reward/step -0.756812  loss +12.7857  episode 41.3  sigma 0.2954
iteration   73  reward/step -0.858693  loss +21.5227  episode 36.6  sigma 0.2954
iteration   74  reward/step -0.83184  loss +16.4367  episode 47.4  sigma 0.2954
iteration   75  reward/step -0.871437  loss +23.4295  episode 55.7  sigma 0.2954
iteration   76  reward/step -0.887205  loss +25.0471  episode 67.4  sigma 0.2954
iteration   77  reward/step -0.737664  loss +12.7172  episode 85.3  sigma 0.2953
iteration   78  reward/step -0.9002  loss +27.0825  episode 75.3  sigma 0.2952
iteration   79  reward/step -1.01148  loss +37.624  episode 75.3  sigma 0.2952
iteration   80  reward/step -1.25421  loss +65.9535  episode 75.3  sigma 0.2951
iteration   81  reward/step -1.06944  loss +35.1456  episode 55.7  sigma 0.2950
iteration   82  reward/step -0.937894  loss +28.5362  episode 71.1  sigma 0.2949
iteration   83  reward/step -0.933206  loss +23.0696  episode 71.1  sigma 0.2947
iteration   84  reward/step -0.939002  loss +24.9443  episode 61.0  sigma 0.2945
iteration   85  reward/step -0.93245  loss +33.6512  episode 71.1  sigma 0.2944
iteration   86  reward/step -1.04186  loss +36.703  episode 58.2  sigma 0.2943
iteration   87  reward/step -0.934196  loss +20.3493  episode 67.4  sigma 0.2942
iteration   88  reward/step -1.22411  loss +53.0355  episode 61.0  sigma 0.2941
iteration   89  reward/step -0.99732  loss +22.4863  episode 51.2  sigma 0.2940
iteration   90  reward/step -0.920547  loss +20.8727  episode 49.2  sigma 0.2939
iteration   91  reward/step -0.971721  loss +20.1657  episode 55.7  sigma 0.2938
iteration   92  reward/step -1.08474  loss +32.2338  episode 45.7  sigma 0.2937
iteration   93  reward/step -1.12756  loss +38.3146  episode 40.0  sigma 0.2936
iteration   94  reward/step -1.08545  loss +34.6089  episode 53.3  sigma 0.2935
iteration   95  reward/step -1.13294  loss +41.261  episode 55.7  sigma 0.2934
iteration   96  reward/step -0.992604  loss +20.2907  episode 53.3  sigma 0.2934
iteration   97  reward/step -1.05039  loss +38.254  episode 49.2  sigma 0.2933
iteration   98  reward/step -0.89823  loss +17.3513  episode 67.4  sigma 0.2932
iteration   99  reward/step -1.17896  loss +42.263  episode 42.7  sigma 0.2931
checkpoint balance2.000100.cxpolicy  (f2911ebb9f85)
iteration  100  reward/step -0.968333  loss +29.6673  episode 42.7  sigma 0.2930
iteration  101  reward/step -0.840815  loss +15.5517  episode 61.0  sigma 0.2930
iteration  102  reward/step -0.921782  loss +25.4932  episode 64.0  sigma 0.2929
iteration  103  reward/step -1.03416  loss +40.8842  episode 49.2  sigma 0.2928
iteration  104  reward/step -0.777392  loss +11.9307  episode 53.3  sigma 0.2928
iteration  105  reward/step -0.917129  loss +25.429  episode 55.7  sigma 0.2927
iteration  106  reward/step -0.869486  loss +20.4983  episode 85.3  sigma 0.2927
iteration  107  reward/step -0.974615  loss +32.0167  episode 85.3  sigma 0.2927
iteration  108  reward/step -0.984157  loss +32.0067  episode 67.4  sigma 0.2927
iteration  109  reward/step -1.03424  loss +22.4828  episode 33.7  sigma 0.2927
iteration  110  reward/step -0.854113  loss +10.5084  episode 37.6  sigma 0.2926
iteration  111  reward/step -0.912154  loss +14.5554  episode 33.7  sigma 0.2926
iteration  112  reward/step -0.954011  loss +24.5187  episode 38.8  sigma 0.2925
iteration  113  reward/step -0.82569  loss +16.8418  episode 44.1  sigma 0.2925
iteration  114  reward/step -0.839422  loss +19.2696  episode 42.7  sigma 0.2925
iteration  115  reward/step -0.76786  loss +9.36538  episode 44.1  sigma 0.2925
iteration  116  reward/step -0.743039  loss +9.85902  episode 47.4  sigma 0.2925
iteration  117  reward/step -0.971871  loss +30.232  episode 51.2  sigma 0.2924
iteration  118  reward/step -0.794406  loss +9.10256  episode 51.2  sigma 0.2924
iteration  119  reward/step -0.760281  loss +16.3288  episode 53.3  sigma 0.2924
iteration  120  reward/step -0.781626  loss +9.12512  episode 58.2  sigma 0.2924
iteration  121  reward/step -0.830489  loss +10.9873  episode 67.4  sigma 0.2923
iteration  122  reward/step -0.857663  loss +19.9035  episode 64.0  sigma 0.2923
iteration  123  reward/step -0.931137  loss +9.9937  episode 38.8  sigma 0.2922
iteration  124  reward/step -0.973955  loss +20.1372  episode 44.1  sigma 0.2922
iteration  125  reward/step -0.821349  loss +11.8533  episode 67.4  sigma 0.2921
iteration  126  reward/step -0.905787  loss +18.4455  episode 51.2  sigma 0.2920
iteration  127  reward/step -0.901607  loss +23.5889  episode 55.7  sigma 0.2919
iteration  128  reward/step -0.915385  loss +17.2173  episode 44.1  sigma 0.2918
iteration  129  reward/step -0.839036  loss +7.12299  episode 30.5  sigma 0.2918
iteration  130  reward/step -0.793635  loss +10.5713  episode 36.6  sigma 0.2917
iteration  131  reward/step -0.811867  loss +14.7053  episode 38.8  sigma 0.2916
iteration  132  reward/step -0.77611  loss +6.84712  episode 58.2  sigma 0.2916
iteration  133  reward/step -0.805398  loss +14.2637  episode 85.3  sigma 0.2915
iteration  134  reward/step -0.841902  loss +17.2495  episode 75.3  sigma 0.2915
iteration  135  reward/step -0.913213  loss +16.7406  episode 44.1  sigma 0.2914
iteration  136  reward/step -0.900199  loss +26.2088  episode 47.4  sigma 0.2914
iteration  137  reward/step -0.765554  loss +9.38052  episode 49.2  sigma 0.2914
iteration  138  reward/step -0.784549  loss +11.7395  episode 42.7  sigma 0.2913
iteration  139  reward/step -0.868834  loss +12.6266  episode 42.7  sigma 0.2913
iteration  140  reward/step -0.842573  loss +14.7522  episode 45.7  sigma 0.2912
iteration  141  reward/step -0.976486  loss +21.26  episode 31.2  sigma 0.2912
iteration  142  reward/step -0.747256  loss +3.38557  episode 35.6  sigma 0.2912
iteration  143  reward/step -0.752177  loss +9.57294  episode 33.7  sigma 0.2911
iteration  144  reward/step -0.811563  loss +12.0222  episode 42.7  sigma 0.2910
iteration  145  reward/step -0.788325  loss +14.1362  episode 44.1  sigma 0.2909
iteration  146  reward/step -0.716783  loss +6.18801  episode 42.7  sigma 0.2908
iteration  147  reward/step -0.620685  loss +4.39084  episode 80.0  sigma 0.2907
iteration  148  reward/step -0.872323  loss +14.5746  episode 51.2  sigma 0.2906
iteration  149  reward/step -0.872368  loss +19.8094  episode 45.7  sigma 0.2905
witness agrees to 1.029e-07 (972x inside the engine's tolerance)
